function header: main
{
declare var: a
declare var: b
declare var: c
assign var: a = 100
assign var: b = 50
temp0 = a + b
assign var: c = temp0
print: c
}
