function header: main
{
declare array: array, 4
assign arr: array[0] = 2
assign: temp0 = array[0]
print: temp0
assign: temp1 = array[0]
assign: temp2 = array[0]
temp3 = temp1 + temp2
assign arr: array[1] = temp3
assign: temp4 = array[1]
print: temp4
assign: temp5 = array[1]
temp6 = 2 * 2
temp7 = temp5 + temp6
assign arr: array[2] = temp7
assign: temp8 = array[2]
print: temp8
}
