function header: main
{
declare var: a
declare var: b
declare var: c
assign var: a = 100
assign var: b = 50
if(temp0 = a < b
 cond(temp0))
{
assign var: c = 0
}
else
{
assign var: c = 1
}
print: c
assign var: a = 100
assign var: b = 50
if(temp1 = a >= b
 cond(temp1))
{
assign var: c = 0
}
else
{
assign var: c = 1
}
print: c
}
