function header: main
{
declare var: i
assign var: i = 0
while(temp0 = i < 10
 cond(temp0))
{
print: i
temp1 = i + 1
assign var: i = temp1
}
}
