function header: main
{
declare var: i
declare var: j
assign var: i = 0
while(temp0 = i < 2
 cond(temp0))
{
assign var: j = 0
while(temp1 = j < 3
 cond(temp1))
{
print: j
temp2 = j + 1
assign var: j = temp2
}
temp3 = i + 1
assign var: i = temp3
}
}
